/home/viniciusbduarte/Documentos/rtos-stm32-embarcados/02-lista/experimentos/semaforo-testes/Core/Src/stm32f7xx_hal_msp.c:62:6:HAL_MspInit	16	static
/home/viniciusbduarte/Documentos/rtos-stm32-embarcados/02-lista/experimentos/semaforo-testes/Core/Src/stm32f7xx_hal_msp.c:87:6:HAL_ETH_MspInit	64	static
/home/viniciusbduarte/Documentos/rtos-stm32-embarcados/02-lista/experimentos/semaforo-testes/Core/Src/stm32f7xx_hal_msp.c:155:6:HAL_ETH_MspDeInit	16	static
/home/viniciusbduarte/Documentos/rtos-stm32-embarcados/02-lista/experimentos/semaforo-testes/Core/Src/stm32f7xx_hal_msp.c:197:6:HAL_UART_MspInit	192	static
/home/viniciusbduarte/Documentos/rtos-stm32-embarcados/02-lista/experimentos/semaforo-testes/Core/Src/stm32f7xx_hal_msp.c:245:6:HAL_UART_MspDeInit	16	static
/home/viniciusbduarte/Documentos/rtos-stm32-embarcados/02-lista/experimentos/semaforo-testes/Core/Src/stm32f7xx_hal_msp.c:274:6:HAL_PCD_MspInit	192	static
/home/viniciusbduarte/Documentos/rtos-stm32-embarcados/02-lista/experimentos/semaforo-testes/Core/Src/stm32f7xx_hal_msp.c:329:6:HAL_PCD_MspDeInit	16	static
